node:events:496
      throw er; // Unhandled 'error' event
      ^

Error: listen EADDRINUSE: address already in use :::3001
    at Server.setupListenHandle [as _listen2] (node:net:1939:16)
    at listenInCluster (node:net:1996:12)
    at Server.listen (node:net:2101:7)
    at Function.listen (C:\Users\Ale\Desktop\BOOTCAMP JAVASCRIPT\TRABAJOS\CLIENTES\COMUNIDAPP\SUMA\prototipo_v1\backend\node_modules\express\lib\application.js:635:24)
    at file:///C:/Users/Ale/Desktop/BOOTCAMP%20JAVASCRIPT/TRABAJOS/CLIENTES/COMUNIDAPP/SUMA/prototipo_v1/backend/src/server.js:12:5
    at ModuleJob.run (node:internal/modules/esm/module_job:274:25)
    at async onImport.tracePromise.__proto__ (node:internal/modules/esm/loader:644:26)
    at async asyncRunEntryPointWithESMLoader (node:internal/modules/run_main:117:5)
Emitted 'error' event on Server instance at:
    at emitErrorNT (node:net:1975:8)
    at process.processTicksAndRejections (node:internal/process/task_queues:90:21) {
  code: 'EADDRINUSE',
  errno: -4091,
  syscall: 'listen',
  address: '::',
  port: 3001
}

Node.js v22.16.0
